rr_####816####	HAF6	ATTTATACTA
HWI-ST558:73:B01BVACXX:6:1103:3654:175677/2	HAF6	TTATACTATATAGCAATTTACCGCTTCCTTGAACACGAAAAGTTCATGTGCTTTTAATGTTTACACTAATATAATTTCTGTTTGTAAGGTAGTTACCTTTC
HWI-ST558:73:B01BVACXX:6:1104:17689:42428/2	HAF6	TGAAAGGTAACTACCTTACAAACAGAAATTATATTAGTGTAAACATTAAAAGCACATGAACTTTTCGTGTTCAAGGAAGCGGTAAATTGCTATATAGTATA
HWI-ST558:73:B01BVACXX:6:1201:7129:84716/1	HAF6	ATTTATACTA
HWI-ST558:73:B01BVACXX:6:1201:7310:145874/1	HAF6	CTATATAGCAATTTACCGCTTCCTTGAACACGAAAAGTTCATGTGCTTTTAATGTTTACACTAATATAATTTCTGTTTGTAAGGTAGTTACCTTTCAAAAC
HWI-ST558:73:B01BVACXX:6:1207:12350:130378/1	HAF6	AACTACCTTACAAACAGAAATTATATTAGTGTAAACATTAAAAGCACATGAACTTTTCGTGTTCAAGGAAGCGGTAA
HWI-ST558:73:B01BVACXX:6:1306:12681:143402/2	HAF6	ATAGCAATTTACCGCTTCCTTGAACACGAAAAGTTCATGTGCTTTTAATGTTTACACTAATATAATTTCTGTTTGTA
HWI-ST558:73:B01BVACXX:6:2102:5969:113426/1	HAF6	TGAAAGGTAACTACCTTACAAACAGAAATTATATTA
HWI-ST558:73:B01BVACXX:6:2102:5969:113426/1	HAF6	TGTAAACATTAAAAGCACATGAACTTTTCGTGTTCAAGGAA
HWI-ST558:73:B01BVACXX:6:2104:7904:81602/2	HAF6	ATTTATACTA
HWI-ST558:73:B01BVACXX:6:2105:4812:34118/1	HAF6	CGCTTCCTTGAACACGAAAAGTTCATGTGCTTTTAATGTTTACACTAATATAATTTCTGTTTGTAAGGT
HWI-ST558:73:B01BVACXX:6:2106:7267:60394/2	HAF6	ACTATATAGCAATTTACCGCTTCCTTGAACACGAAAAGTTCATGTGCTTTTAATGTTTACACTAATATAATTTCTGTTTGTAAGGTAGTTACCTTTCAAAA
HWI-ST558:73:B01BVACXX:6:2108:6028:21440/1	HAF6	ACTACCTTACAAACAGAAATTATATTAGTGTAAACATTAAAAGCACATGAACTTTTCGTGTTCAAGGAAGCGGTAAAT
HWI-ST558:73:B01BVACXX:6:2201:10518:141546/1	HAF6	TATAGCAATTTACCGCTTCCTTGAACACGAAAAGTTCATGTGCTTTTAATGTTTACACTAATATAATTTCTGTTTGTA
HWI-ST558:73:B01BVACXX:6:2203:15411:96458/2	HAF6	TTATACTATATAGCAATTTACCGCTTCCTTGAACACGAAAAGTTCATGTGCTTTTAATGTTTACACTAATATAATTTCTGTTTGTAAGGTAGTTACCTTTC
HWI-ST558:73:B01BVACXX:6:2203:7580:156295/1	HAF6	GTTTTGAAAGGTAACTACCTTACAAACAGAAATTATATTAGTGTAAACATTAAAA
HWI-ST558:73:B01BVACXX:6:2204:19126:74114/2	HAF6	GTTTTGAAAGGTAACTACCTTACAAACAGAAATTATATTAGTGTAAACATTAAAAGCACATGAACTTTTCGTGTTCAAGGAAGCGGTAAATTGCTATATAG
HWI-ST558:73:B01BVACXX:6:2207:4590:14246/1	HAF6	ACCGCTTCCTTGAACACGAAAAGTTCATGTGCTTTTAATGTTTACACTAATATAATTTCTGTTTGTAAGGTAGTTACC
HWI-ST558:73:B01BVACXX:6:2302:8235:153402/1	HAF6	TTGAAAGGTAACTACCTTACAAACAGAAATTATATTAGTGTAAACATTAAAAGCACATGAACTTTTCGTGTTCAAGGAAGCGGTAAATTGCTATATAGTAT
HWI-ST558:73:B01BVACXX:6:2305:11604:97745/1	HAF6	TGAAAGGTAACTACCTTACAAACAGAAATTATATTAGTGTAAACATTAAAAGCACATGAACTTTTCGTGTTCAAGGAAGCGGTAAATTGCTATATAGTATA
